
Error-[VERDI_VCS_MM] Possible VERDI_HOME and VCS_HOME mismatch
  The Verdi tab and pli.a cannot be added to the 'vcs' compile command because
  the file '/pli.a' could not be found.
  Please check to make sure VERDI_HOME and VCS_HOME point to installations 
  that are either both 32-bits or both 64-bits.

Command: vcs -full64 -V -R -debug_access+all mod6_tb.v -l debug6.log
/app/synopsys/installers/vcs/W-2024.09/linux64/bin/vcs1 -Mcc=gcc -Mcplusplus=g++ \
-Masflags= -Mcfl= -pipe -fPIC -O -I/app/synopsys/installers/vcs/W-2024.09/include \
-Mxllcflags= -Mxcflags= -pipe -fPIC -I/app/synopsys/installers/vcs/W-2024.09/include \
-Mldflags= -rdynamic  -Mout=simv -Mamsrun="" -Mvcsaceobjs="" -Mobjects=" /app/synopsys/installers/vcs/W-2024.09/linux64/lib/libvirsim.so \
/app/synopsys/installers/vcs/W-2024.09/linux64/lib/liberrorinf.so /app/synopsys/installers/vcs/W-2024.09/linux64/lib/libsnpsmalloc.so \
/app/synopsys/installers/vcs/W-2024.09/linux64/lib/libvfs.so " -Mexternalobj= -Msaverestoreobj=/app/synopsys/installers/vcs/W-2024.09/linux64/lib/vcs_save_restore_new.o \
-Mcrt0= -Mcrtn="" -Mcsrc="" -Msyslibs=-ldl  -l debug6.log -Xvcs_run_simv=1 -full64 \
-V -debug_access+all +vpi +vcsd1 +itf+/app/synopsys/installers/vcs/W-2024.09/linux64/lib/vcsdp_lite.tab \
-picarchive -gen_obj mod6_tb.v  
                         Chronologic VCS (TM)
         Version W-2024.09_Full64 -- Fri Feb 20 15:40:16 2026

                    Copyright (c) 1991 - 2024 Synopsys, Inc.
   This software and the associated documentation are proprietary to Synopsys,
 Inc. This software may only be used in accordance with the terms and conditions
 of a written license agreement with Synopsys, Inc. All other use, reproduction,
   or distribution of this software is strictly prohibited.  Licensed Products
     communicate with Synopsys servers for the purpose of providing software
    updates, detecting software piracy and verifying that customers are using
    Licensed Products in conformity with the applicable License Key for such
  Licensed Products. Synopsys will use information gathered in connection with
    this process to deliver software updates and pursue software pirates and
                                   infringers.

 Inclusivity & Diversity - Visit SolvNetPlus to read the "Synopsys Statement on
            Inclusivity and Diversity" (Refer to article 000036315 at
                        https://solvnetplus.synopsys.com)

Parsing design file 'mod6_tb.v'
Parsing included file 'mod6.v'.
Parsing included file 't_ff.v'.
Back to file 'mod6.v'.
Back to file 'mod6_tb.v'.
Top Level Modules:
       mod6_tb
No TimeScale specified
Starting vcs inline pass...
1 module and 0 UDP read.
recompiling module mod6_tb
( cd csrc ; make -f Makefile SNPS_VCS_TMPDIR=/tmp/vcs_20260220101015_1370481 product \
)
rm -f _cuarc*.so _csrc*.so pre_vcsobj_*.so share_vcsobj_*.so
if [ -x ../simv ]; then chmod a-x ../simv; fi
g++  -o ../simv      -rdynamic  -Wl,-rpath='$ORIGIN'/simv.daidir -Wl,-rpath=./simv.daidir \
-Wl,-rpath=/app/synopsys/installers/vcs/W-2024.09/linux64/lib -L/app/synopsys/installers/vcs/W-2024.09/linux64/lib \
-Wl,-rpath-link=./  /usr/lib64/libnuma.so.1   objs/amcQw_d.o   _1370733_archive_1.so \
SIM_l.o      rmapats_mop.o rmapats.o rmar.o rmar_nd.o  rmar_llvm_0_1.o rmar_llvm_0_0.o \
-lvirsim -lerrorinf -lsnpsmalloc -lvfs    -lvcsnew -lsimprofile -luclinative /app/synopsys/installers/vcs/W-2024.09/linux64/lib/vcs_tls.o \
-Wl,-whole-archive  -lvcsucli    -Wl,-no-whole-archive          /app/synopsys/installers/vcs/W-2024.09/linux64/lib/vcs_save_restore_new.o \
-ldl  -lc -lm -lpthread -ldl 
../simv up to date
Running simv -V -a debug6.log 
Command: /home/dvft1103/dvft11/verilog_prog/sequential/Counters/modcounters/asynchro/even/./simv -V -a debug6.log
Chronologic VCS simulator copyright 1991-2024
Contains Synopsys proprietary information.
Compiler version W-2024.09_Full64; Runtime version W-2024.09_Full64;  Feb 20 15:40 2026
VCS Build Date = Sep 02 2024 20:31:24
Start run at Feb 20 15:40 2026

                   0clk=0 reset=0 q=xxx qb=xxx
                   3clk=0 reset=1 q=000 qb=111
                   5clk=1 reset=1 q=000 qb=111
                   6clk=1 reset=0 q=000 qb=111
                  10clk=0 reset=0 q=001 qb=110
                  15clk=1 reset=0 q=001 qb=110
                  20clk=0 reset=0 q=010 qb=101
                  25clk=1 reset=0 q=010 qb=101
                  30clk=0 reset=0 q=011 qb=100
                  35clk=1 reset=0 q=011 qb=100
                  40clk=0 reset=0 q=100 qb=011
                  45clk=1 reset=0 q=100 qb=011
                  50clk=0 reset=0 q=101 qb=010
                  55clk=1 reset=0 q=101 qb=010
                  60clk=0 reset=0 q=000 qb=111
                  65clk=1 reset=0 q=000 qb=111
                  70clk=0 reset=0 q=001 qb=110
                  75clk=1 reset=0 q=001 qb=110
                  80clk=0 reset=0 q=010 qb=101
                  85clk=1 reset=0 q=010 qb=101
                  90clk=0 reset=0 q=011 qb=100
                  95clk=1 reset=0 q=011 qb=100
                 100clk=0 reset=0 q=100 qb=011
                 105clk=1 reset=0 q=100 qb=011
                 110clk=0 reset=0 q=101 qb=010
                 115clk=1 reset=0 q=101 qb=010
                 120clk=0 reset=0 q=000 qb=111
                 125clk=1 reset=0 q=000 qb=111
                 130clk=0 reset=0 q=001 qb=110
                 135clk=1 reset=0 q=001 qb=110
                 140clk=0 reset=0 q=010 qb=101
                 145clk=1 reset=0 q=010 qb=101
                 150clk=0 reset=0 q=011 qb=100
                 155clk=1 reset=0 q=011 qb=100
                 160clk=0 reset=0 q=100 qb=011
                 165clk=1 reset=0 q=100 qb=011
                 170clk=0 reset=0 q=101 qb=010
                 175clk=1 reset=0 q=101 qb=010
                 180clk=0 reset=0 q=000 qb=111
                 185clk=1 reset=0 q=000 qb=111
                 190clk=0 reset=0 q=001 qb=110
                 195clk=1 reset=0 q=001 qb=110
$finish called from file "mod6_tb.v", line 15.
$finish at simulation time                  200
           V C S   S i m u l a t i o n   R e p o r t 
Time: 200
CPU Time:      0.210 seconds;       Data structure size:   0.0Mb
Fri Feb 20 15:40:18 2026
CPU time: .369 seconds to compile + .354 seconds to elab + .336 seconds to link + .253 seconds in simulation
