
Error-[VERDI_VCS_MM] Possible VERDI_HOME and VCS_HOME mismatch
  The Verdi tab and pli.a cannot be added to the 'vcs' compile command because
  the file '/pli.a' could not be found.
  Please check to make sure VERDI_HOME and VCS_HOME point to installations 
  that are either both 32-bits or both 64-bits.

Command: vcs -full64 -V -R -debug_access+all counter2_tb.v -l debug.log
/app/synopsys/installers/vcs/W-2024.09/linux64/bin/vcs1 -Mcc=gcc -Mcplusplus=g++ \
-Masflags= -Mcfl= -pipe -fPIC -O -I/app/synopsys/installers/vcs/W-2024.09/include \
-Mxllcflags= -Mxcflags= -pipe -fPIC -I/app/synopsys/installers/vcs/W-2024.09/include \
-Mldflags= -rdynamic  -Mout=simv -Mamsrun="" -Mvcsaceobjs="" -Mobjects=" /app/synopsys/installers/vcs/W-2024.09/linux64/lib/libvirsim.so \
/app/synopsys/installers/vcs/W-2024.09/linux64/lib/liberrorinf.so /app/synopsys/installers/vcs/W-2024.09/linux64/lib/libsnpsmalloc.so \
/app/synopsys/installers/vcs/W-2024.09/linux64/lib/libvfs.so " -Mexternalobj= -Msaverestoreobj=/app/synopsys/installers/vcs/W-2024.09/linux64/lib/vcs_save_restore_new.o \
-Mcrt0= -Mcrtn="" -Mcsrc="" -Msyslibs=-ldl  -l debug.log -Xvcs_run_simv=1 -full64 \
-V -debug_access+all +vpi +vcsd1 +itf+/app/synopsys/installers/vcs/W-2024.09/linux64/lib/vcsdp_lite.tab \
-picarchive -gen_obj counter2_tb.v  
                         Chronologic VCS (TM)
         Version W-2024.09_Full64 -- Fri Feb 20 15:37:22 2026

                    Copyright (c) 1991 - 2024 Synopsys, Inc.
   This software and the associated documentation are proprietary to Synopsys,
 Inc. This software may only be used in accordance with the terms and conditions
 of a written license agreement with Synopsys, Inc. All other use, reproduction,
   or distribution of this software is strictly prohibited.  Licensed Products
     communicate with Synopsys servers for the purpose of providing software
    updates, detecting software piracy and verifying that customers are using
    Licensed Products in conformity with the applicable License Key for such
  Licensed Products. Synopsys will use information gathered in connection with
    this process to deliver software updates and pursue software pirates and
                                   infringers.

 Inclusivity & Diversity - Visit SolvNetPlus to read the "Synopsys Statement on
            Inclusivity and Diversity" (Refer to article 000036315 at
                        https://solvnetplus.synopsys.com)

Parsing design file 'counter2_tb.v'
Parsing included file 'counter2.v'.
Parsing included file 't_ff.v'.
Back to file 'counter2.v'.
Back to file 'counter2_tb.v'.
Top Level Modules:
       counter2_tb
No TimeScale specified

Warning-[TFIPC] Too few instance port connections
counter2.v, 7
counter2, "t_ff T1( .t (t),  .clk (clk),  .reset (reset),  .q (q0));"
  The above instance has fewer port connections than the module definition.
  Please use '+lint=TFIPC-L' to print out detailed information of unconnected 
  ports.


Warning-[TFIPC] Too few instance port connections
counter2.v, 8
counter2, "t_ff T2( .t (t),  .clk (q0),  .reset (reset),  .q (q1));"
  The above instance has fewer port connections than the module definition.
  Please use '+lint=TFIPC-L' to print out detailed information of unconnected 
  ports.


Warning-[TFIPC] Too few instance port connections
counter2_tb.v, 7
counter2_tb, "counter2 dut(clk, reset, q);"
  The above instance has fewer port connections than the module definition.
  Please use '+lint=TFIPC-L' to print out detailed information of unconnected 
  ports.

Starting vcs inline pass...
1 module and 0 UDP read.
recompiling module counter2_tb
( cd csrc ; make -f Makefile SNPS_VCS_TMPDIR=/tmp/vcs_20260220100721_1366086 product \
)
rm -f _cuarc*.so _csrc*.so pre_vcsobj_*.so share_vcsobj_*.so
if [ -x ../simv ]; then chmod a-x ../simv; fi
g++  -o ../simv      -rdynamic  -Wl,-rpath='$ORIGIN'/simv.daidir -Wl,-rpath=./simv.daidir \
-Wl,-rpath=/app/synopsys/installers/vcs/W-2024.09/linux64/lib -L/app/synopsys/installers/vcs/W-2024.09/linux64/lib \
-Wl,-rpath-link=./  /usr/lib64/libnuma.so.1   objs/amcQw_d.o   _1366327_archive_1.so \
SIM_l.o      rmapats_mop.o rmapats.o rmar.o rmar_nd.o  rmar_llvm_0_1.o rmar_llvm_0_0.o \
-lvirsim -lerrorinf -lsnpsmalloc -lvfs    -lvcsnew -lsimprofile -luclinative /app/synopsys/installers/vcs/W-2024.09/linux64/lib/vcs_tls.o \
-Wl,-whole-archive  -lvcsucli    -Wl,-no-whole-archive          /app/synopsys/installers/vcs/W-2024.09/linux64/lib/vcs_save_restore_new.o \
-ldl  -lc -lm -lpthread -ldl 
../simv up to date
Running simv -V -a debug.log 
Command: /home/dvft1103/dvft11/verilog_prog/sequential/Counters/asynchronous/upcounter/./simv -V -a debug.log
Chronologic VCS simulator copyright 1991-2024
Contains Synopsys proprietary information.
Compiler version W-2024.09_Full64; Runtime version W-2024.09_Full64;  Feb 20 15:37 2026
VCS Build Date = Sep 02 2024 20:31:24
Start run at Feb 20 15:37 2026

                   0clk=0 reset=0 q=xx
                   5clk=1 reset=0 q=xx
                  10clk=0 reset=1 q=00
                  15clk=1 reset=1 q=00
                  20clk=0 reset=0 q=01
                  25clk=1 reset=0 q=01
                  30clk=0 reset=0 q=10
                  35clk=1 reset=0 q=10
                  40clk=0 reset=0 q=11
                  45clk=1 reset=0 q=11
                  50clk=0 reset=0 q=00
                  55clk=1 reset=0 q=00
                  60clk=0 reset=0 q=01
                  65clk=1 reset=0 q=01
                  70clk=0 reset=0 q=10
                  75clk=1 reset=0 q=10
                  80clk=0 reset=0 q=11
                  85clk=1 reset=0 q=11
                  90clk=0 reset=0 q=00
                  95clk=1 reset=0 q=00
$finish called from file "counter2_tb.v", line 20.
$finish at simulation time                  100
           V C S   S i m u l a t i o n   R e p o r t 
Time: 100
CPU Time:      0.210 seconds;       Data structure size:   0.0Mb
Fri Feb 20 15:37:24 2026
CPU time: .378 seconds to compile + .373 seconds to elab + .336 seconds to link + .270 seconds in simulation
