12
1
Hari
9
[2, 3, 4, 5]
[1, 2, 3, 4, 5, 6, 7, 8, 9, 0, 'Hari', 'Name']
[2, 3, 4, 5, 6, 7, 8, 9, 0, 'Hari', 'Name']
[1, 2, 3, 4, 5]
[1, 2, 3, 4, 5, 6, 7, 8, 9, 0, 'Hari', 'Name']
[3, 5, 7, 9]
[1, 2, 3, 4, 5, 6, 7, 8, 9, 0, 'Hari', 'Name']
[1, 2, 3, 4, 5, 6, 7, 8, 9, 0]
[1, 4, 7, 0]
[2, 4, 6, 8, 0, 'Name']
[1, 2, 3, 4, 5, 6, 7, 8, 9, 0, 25, 'Name']
[1, 15, 2, 3, 4, 5, 6, 7, 8, 9, 0, 25, 'Name']
[1, 15, 2, 3, 4, 5, 6, 7, 8, 9, 0, 25, 'Name', 50]
[1, 15, 2, 3, 4, 5, 6, 7, 8, 9, 0, 25, 'Name', 50, 60, 70, 80]
8
0
[0, 1, 2, 3, 4, 5, 6, 7, 8, 9]
[9, 8, 7, 6, 5, 4, 3, 2, 1, 0]
[0, 1, 2, 3, 4, 5, 6, 7, 8, 9]
[7, 5, 3, 1]
[7, 5, 3, 1]
False
True
9
8
7
6
5
4
3
2
1
0
[1, 2, 3, 4, 5, 6, 7, 8, 9, 0]
[1, 2, 1, 2, 1, 2]
3
[0, 1, 4, 9, 16]
