<class 'set'>
{1, 2, 3, 4, 45}
adding and removing elements
s.add(10): {1, 2, 3, 4, 10, 45}
s.update([20,30,40,50]): {1, 2, 3, 4, 40, 10, 45, 50, 20, 30}
s.remove(30):{1, 2, 3, 4, 40, 10, 45, 50, 20}
s.pop(): {2, 3, 4, 40, 10, 45, 50, 20}
s,clear():set()
********Math Operations********
{1, 2, 3, 4, 5, 6, 7, 8, 9}
{1, 2, 3, 4, 5, 6, 7, 8, 9}
{5, 6}
{5, 6}
{1, 2, 3, 4}
{1, 2, 3, 4}
{8, 9, 7}
{8, 9, 7}
{1, 2, 3, 4, 7, 8, 9}
{1, 2, 3, 4, 7, 8, 9}
**** In-place(Mutating) Variants ****
{1, 2, 3, 4, 5, 6, 7, 8, 9}
{1, 2, 3, 4, 5, 6, 8, 9}
{5, 6, 8, 9}
{2, 3, 4, 7, 8, 9}
*******Subset and superset************
True
True
False
True
Disjoint Bolck
True
