
Error-[VERDI_VCS_MM] Possible VERDI_HOME and VCS_HOME mismatch
  The Verdi tab and pli.a cannot be added to the 'vcs' compile command because
  the file '/pli.a' could not be found.
  Please check to make sure VERDI_HOME and VCS_HOME point to installations 
  that are either both 32-bits or both 64-bits.

Command: vcs -full64 -V -R -debug_access+all counter3_tb.v -l debug3.log
/app/synopsys/installers/vcs/W-2024.09/linux64/bin/vcs1 -Mcc=gcc -Mcplusplus=g++ \
-Masflags= -Mcfl= -pipe -fPIC -O -I/app/synopsys/installers/vcs/W-2024.09/include \
-Mxllcflags= -Mxcflags= -pipe -fPIC -I/app/synopsys/installers/vcs/W-2024.09/include \
-Mldflags= -rdynamic  -Mout=simv -Mamsrun="" -Mvcsaceobjs="" -Mobjects=" /app/synopsys/installers/vcs/W-2024.09/linux64/lib/libvirsim.so \
/app/synopsys/installers/vcs/W-2024.09/linux64/lib/liberrorinf.so /app/synopsys/installers/vcs/W-2024.09/linux64/lib/libsnpsmalloc.so \
/app/synopsys/installers/vcs/W-2024.09/linux64/lib/libvfs.so " -Mexternalobj= -Msaverestoreobj=/app/synopsys/installers/vcs/W-2024.09/linux64/lib/vcs_save_restore_new.o \
-Mcrt0= -Mcrtn="" -Mcsrc="" -Msyslibs=-ldl  -l debug3.log -Xvcs_run_simv=1 -full64 \
-V -debug_access+all +vpi +vcsd1 +itf+/app/synopsys/installers/vcs/W-2024.09/linux64/lib/vcsdp_lite.tab \
-picarchive -gen_obj counter3_tb.v  
                         Chronologic VCS (TM)
         Version W-2024.09_Full64 -- Fri Feb 20 15:58:43 2026

                    Copyright (c) 1991 - 2024 Synopsys, Inc.
   This software and the associated documentation are proprietary to Synopsys,
 Inc. This software may only be used in accordance with the terms and conditions
 of a written license agreement with Synopsys, Inc. All other use, reproduction,
   or distribution of this software is strictly prohibited.  Licensed Products
     communicate with Synopsys servers for the purpose of providing software
    updates, detecting software piracy and verifying that customers are using
    Licensed Products in conformity with the applicable License Key for such
  Licensed Products. Synopsys will use information gathered in connection with
    this process to deliver software updates and pursue software pirates and
                                   infringers.

 Inclusivity & Diversity - Visit SolvNetPlus to read the "Synopsys Statement on
            Inclusivity and Diversity" (Refer to article 000036315 at
                        https://solvnetplus.synopsys.com)

The design hasn't changed and need not be recompiled. 
If you really want to, delete file simv.daidir/.vcs.timestamp and
run VCS again.

Running simv -V -a debug3.log 
Command: /home/dvft1103/dvft11/verilog_prog/sequential/Counters/synchronous/upcounter/./simv -V -a debug3.log
Chronologic VCS simulator copyright 1991-2024
Contains Synopsys proprietary information.
Compiler version W-2024.09_Full64; Runtime version W-2024.09_Full64;  Feb 20 15:58 2026
VCS Build Date = Sep 02 2024 20:31:24
Start run at Feb 20 15:58 2026

                   0clk=0 reset=0 q=xxx qb=xxx
                   3clk=0 reset=1 q=000 qb=111
                   5clk=1 reset=1 q=000 qb=111
                   6clk=1 reset=0 q=000 qb=111
                  10clk=0 reset=0 q=000 qb=111
                  15clk=1 reset=0 q=001 qb=110
                  20clk=0 reset=0 q=001 qb=110
                  25clk=1 reset=0 q=010 qb=101
                  30clk=0 reset=0 q=010 qb=101
                  35clk=1 reset=0 q=011 qb=100
                  40clk=0 reset=0 q=011 qb=100
                  45clk=1 reset=0 q=100 qb=011
                  50clk=0 reset=0 q=100 qb=011
                  55clk=1 reset=0 q=101 qb=010
                  60clk=0 reset=0 q=101 qb=010
                  65clk=1 reset=0 q=110 qb=001
                  70clk=0 reset=0 q=110 qb=001
                  75clk=1 reset=0 q=111 qb=000
                  80clk=0 reset=0 q=111 qb=000
                  85clk=1 reset=0 q=000 qb=111
                  90clk=0 reset=0 q=000 qb=111
                  95clk=1 reset=0 q=001 qb=110
$finish called from file "counter3_tb.v", line 17.
$finish at simulation time                  100
           V C S   S i m u l a t i o n   R e p o r t 
Time: 100
CPU Time:      0.220 seconds;       Data structure size:   0.0Mb
Fri Feb 20 15:58:43 2026
CPU time: .257 seconds in simulation
