
Error-[VERDI_VCS_MM] Possible VERDI_HOME and VCS_HOME mismatch
  The Verdi tab and pli.a cannot be added to the 'vcs' compile command because
  the file '/pli.a' could not be found.
  Please check to make sure VERDI_HOME and VCS_HOME point to installations 
  that are either both 32-bits or both 64-bits.

Command: vcs -full64 -sverilog -R -debug_access+all mixed.sv -l mixedlog.log
                         Chronologic VCS (TM)
         Version W-2024.09_Full64 -- Tue Feb 10 12:36:43 2026

                    Copyright (c) 1991 - 2024 Synopsys, Inc.
   This software and the associated documentation are proprietary to Synopsys,
 Inc. This software may only be used in accordance with the terms and conditions
 of a written license agreement with Synopsys, Inc. All other use, reproduction,
   or distribution of this software is strictly prohibited.  Licensed Products
     communicate with Synopsys servers for the purpose of providing software
    updates, detecting software piracy and verifying that customers are using
    Licensed Products in conformity with the applicable License Key for such
  Licensed Products. Synopsys will use information gathered in connection with
    this process to deliver software updates and pursue software pirates and
                                   infringers.

 Inclusivity & Diversity - Visit SolvNetPlus to read the "Synopsys Statement on
            Inclusivity and Diversity" (Refer to article 000036315 at
                        https://solvnetplus.synopsys.com)

Parsing design file 'mixed.sv'
Top Level Modules:
       mixed_array
No TimeScale specified
Starting vcs inline pass...
1 module and 0 UDP read.
	However, due to incremental compilation, no re-compilation is necessary.
rm -f _cuarc*.so _csrc*.so pre_vcsobj_*.so share_vcsobj_*.so
if [ -x ../simv ]; then chmod a-x ../simv; fi
g++  -o ../simv      -rdynamic  -Wl,-rpath='$ORIGIN'/simv.daidir -Wl,-rpath=./simv.daidir \
-Wl,-rpath=/app/synopsys/installers/vcs/W-2024.09/linux64/lib -L/app/synopsys/installers/vcs/W-2024.09/linux64/lib \
-Wl,-rpath-link=./  /usr/lib64/libnuma.so.1   objs/amcQw_d.o   _3802883_archive_1.so \
_prev_archive_1.so   SIM_l.o      rmapats_mop.o rmapats.o rmar.o rmar_nd.o  rmar_llvm_0_1.o \
rmar_llvm_0_0.o            -lvirsim -lerrorinf -lsnpsmalloc -lvfs    -lvcsnew -lsimprofile \
-luclinative /app/synopsys/installers/vcs/W-2024.09/linux64/lib/vcs_tls.o   -Wl,-whole-archive \
-lvcsucli    -Wl,-no-whole-archive          /app/synopsys/installers/vcs/W-2024.09/linux64/lib/vcs_save_restore_new.o \
-ldl  -lc -lm -lpthread -ldl 
../simv up to date
Command: /home/dvft1103/dvft11/system_verilog/memory/mixed/./simv -a mixedlog.log
Chronologic VCS simulator copyright 1991-2024
Contains Synopsys proprietary information.
Compiler version W-2024.09_Full64; Runtime version W-2024.09_Full64;  Feb 10 12:36 2026
a[2][1][4][3]=0
a[2][1][4][2]=0
a[2][1][4][1]=0
a[2][1][4][0]=0
a[2][1][3][3]=0
a[2][1][3][2]=0
a[2][1][3][1]=0
a[2][1][3][0]=0
a[2][1][2][3]=0
a[2][1][2][2]=0
a[2][1][2][1]=0
a[2][1][2][0]=0
a[2][1][1][3]=0
a[2][1][1][2]=0
a[2][1][1][1]=0
a[2][1][1][0]=0
a[2][1][0][3]=0
a[2][1][0][2]=0
a[2][1][0][1]=0
a[2][1][0][0]=0
a[2][0][4][3]=0
a[2][0][4][2]=0
a[2][0][4][1]=0
a[2][0][4][0]=0
a[2][0][3][3]=0
a[2][0][3][2]=0
a[2][0][3][1]=0
a[2][0][3][0]=0
a[2][0][2][3]=0
a[2][0][2][2]=0
a[2][0][2][1]=0
a[2][0][2][0]=0
a[2][0][1][3]=0
a[2][0][1][2]=0
a[2][0][1][1]=0
a[2][0][1][0]=0
a[2][0][0][3]=0
a[2][0][0][2]=0
a[2][0][0][1]=0
a[2][0][0][0]=0
a[1][1][4][3]=0
a[1][1][4][2]=0
a[1][1][4][1]=0
a[1][1][4][0]=0
a[1][1][3][3]=0
a[1][1][3][2]=0
a[1][1][3][1]=0
a[1][1][3][0]=0
a[1][1][2][3]=0
a[1][1][2][2]=0
a[1][1][2][1]=0
a[1][1][2][0]=0
a[1][1][1][3]=0
a[1][1][1][2]=0
a[1][1][1][1]=0
a[1][1][1][0]=0
a[1][1][0][3]=0
a[1][1][0][2]=0
a[1][1][0][1]=0
a[1][1][0][0]=0
a[1][0][4][3]=0
a[1][0][4][2]=0
a[1][0][4][1]=0
a[1][0][4][0]=0
a[1][0][3][3]=0
a[1][0][3][2]=0
a[1][0][3][1]=0
a[1][0][3][0]=0
a[1][0][2][3]=0
a[1][0][2][2]=0
a[1][0][2][1]=0
a[1][0][2][0]=0
a[1][0][1][3]=0
a[1][0][1][2]=0
a[1][0][1][1]=0
a[1][0][1][0]=0
a[1][0][0][3]=0
a[1][0][0][2]=0
a[1][0][0][1]=0
a[1][0][0][0]=0
a[0][1][4][3]=0
a[0][1][4][2]=0
a[0][1][4][1]=0
a[0][1][4][0]=0
a[0][1][3][3]=0
a[0][1][3][2]=0
a[0][1][3][1]=0
a[0][1][3][0]=0
a[0][1][2][3]=0
a[0][1][2][2]=0
a[0][1][2][1]=0
a[0][1][2][0]=0
a[0][1][1][3]=0
a[0][1][1][2]=0
a[0][1][1][1]=0
a[0][1][1][0]=0
a[0][1][0][3]=0
a[0][1][0][2]=0
a[0][1][0][1]=1
a[0][1][0][0]=0
a[0][0][4][3]=0
a[0][0][4][2]=0
a[0][0][4][1]=0
a[0][0][4][0]=0
a[0][0][3][3]=0
a[0][0][3][2]=0
a[0][0][3][1]=0
a[0][0][3][0]=0
a[0][0][2][3]=0
a[0][0][2][2]=0
a[0][0][2][1]=0
a[0][0][2][0]=0
a[0][0][1][3]=0
a[0][0][1][2]=0
a[0][0][1][1]=0
a[0][0][1][0]=0
a[0][0][0][3]=0
a[0][0][0][2]=0
a[0][0][0][1]=0
a[0][0][0][0]=0
           V C S   S i m u l a t i o n   R e p o r t 
Time: 0
CPU Time:      0.200 seconds;       Data structure size:   0.0Mb
Tue Feb 10 12:36:45 2026
CPU time: .295 seconds to compile + .223 seconds to elab + .377 seconds to link + .241 seconds in simulation
