
Error-[VERDI_VCS_MM] Possible VERDI_HOME and VCS_HOME mismatch
  The Verdi tab and pli.a cannot be added to the 'vcs' compile command because
  the file '/pli.a' could not be found.
  Please check to make sure VERDI_HOME and VCS_HOME point to installations 
  that are either both 32-bits or both 64-bits.

Command: vcs -full64 -sverilog -R -debug_access+all timescale.sv -l debug_time.log \

                         Chronologic VCS (TM)
         Version W-2024.09_Full64 -- Tue Mar  3 11:39:30 2026

                    Copyright (c) 1991 - 2024 Synopsys, Inc.
   This software and the associated documentation are proprietary to Synopsys,
 Inc. This software may only be used in accordance with the terms and conditions
 of a written license agreement with Synopsys, Inc. All other use, reproduction,
   or distribution of this software is strictly prohibited.  Licensed Products
     communicate with Synopsys servers for the purpose of providing software
    updates, detecting software piracy and verifying that customers are using
    Licensed Products in conformity with the applicable License Key for such
  Licensed Products. Synopsys will use information gathered in connection with
    this process to deliver software updates and pursue software pirates and
                                   infringers.

 Inclusivity & Diversity - Visit SolvNetPlus to read the "Synopsys Statement on
            Inclusivity and Diversity" (Refer to article 000036315 at
                        https://solvnetplus.synopsys.com)

Parsing design file 'timescale.sv'
Top Level Modules:
       timescale
TimeScale is 1 ns / 100 ps
Starting vcs inline pass...
1 module and 0 UDP read.
recompiling module timescale
rm -f _cuarc*.so _csrc*.so pre_vcsobj_*.so share_vcsobj_*.so
if [ -x ../simv ]; then chmod a-x ../simv; fi
g++  -o ../simv      -rdynamic  -Wl,-rpath='$ORIGIN'/simv.daidir -Wl,-rpath=./simv.daidir \
-Wl,-rpath=/app/synopsys/installers/vcs/W-2024.09/linux64/lib -L/app/synopsys/installers/vcs/W-2024.09/linux64/lib \
-Wl,-rpath-link=./  /usr/lib64/libnuma.so.1   objs/amcQw_d.o   _2068765_archive_1.so \
_prev_archive_1.so   SIM_l.o      rmapats_mop.o rmapats.o rmar.o rmar_nd.o  rmar_llvm_0_1.o \
rmar_llvm_0_0.o            -lvirsim -lerrorinf -lsnpsmalloc -lvfs    -lvcsnew -lsimprofile \
-luclinative /app/synopsys/installers/vcs/W-2024.09/linux64/lib/vcs_tls.o   -Wl,-whole-archive \
-lvcsucli    -Wl,-no-whole-archive          /app/synopsys/installers/vcs/W-2024.09/linux64/lib/vcs_save_restore_new.o \
-ldl  -lc -lm -lpthread -ldl 
../simv up to date
Command: /home/dvft1103/dvft11/system_verilog/TimeScale/./simv -a debug_time.log
Chronologic VCS simulator copyright 1991-2024
Contains Synopsys proprietary information.
Compiler version W-2024.09_Full64; Runtime version W-2024.09_Full64;  Mar  3 11:39 2026
[0.00ns] c=50 
[5.00ns] c=15 
[8.50ns] c=0 
[10.50ns] c=2 
           V C S   S i m u l a t i o n   R e p o r t 
Time: 10500 ps
CPU Time:      0.220 seconds;       Data structure size:   0.0Mb
Tue Mar  3 11:39:31 2026
CPU time: .391 seconds to compile + .224 seconds to elab + .487 seconds to link + .259 seconds in simulation
