# Preference setting overrides
gui_create_pref_key -category {Globals} -key {load_detail_for_funcov} -value_type {bool} -value {false}
gui_create_pref_category -category {dlg_settings}
gui_create_pref_key -category {dlg_settings} -key {tableWithImmediatePopup} -value_type {bool} -value {true}
gui_create_pref_category -category {schem_obj_name}
gui_create_pref_key -category {schem_obj_name} -key {show_cell_and_pin_with_symbol_name} -value_type {bool} -value {false}
gui_create_pref_key -category {schem_pin_hc} -key {textExtFont} -value_type {string} -value {Helvetica,10,-1,5,50,0,0,0,0,0}

# State setting overrides
gui_state_default_create -off -ini
gui_set_state_value -category Layout -key child_console_size_x -value 1919
gui_set_state_value -category Layout -key child_console_size_y -value 243
gui_set_state_value -category Layout -key child_data_size_x -value 128
gui_set_state_value -category Layout -key child_data_size_y -value 678
gui_set_state_value -category Layout -key child_driver_size_x -value 1623
gui_set_state_value -category Layout -key child_driver_size_y -value 266
gui_set_state_value -category Layout -key child_hier_col3 -value {-1}
gui_set_state_value -category Layout -key child_hier_colpd -value 0
gui_set_state_value -category Layout -key child_hier_size_x -value 128
gui_set_state_value -category Layout -key child_hier_size_y -value 678
gui_set_state_value -category Layout -key child_schematic_docknewline -value false
gui_set_state_value -category Layout -key child_schematic_pos_x -value {-2}
gui_set_state_value -category Layout -key child_schematic_pos_y -value {-15}
gui_set_state_value -category Layout -key child_schematic_size_x -value 1666
gui_set_state_value -category Layout -key child_schematic_size_y -value 673
gui_set_state_value -category Layout -key child_source_docknewline -value false
gui_set_state_value -category Layout -key child_source_pos_x -value {-2}
gui_set_state_value -category Layout -key child_source_pos_y -value {-15}
gui_set_state_value -category Layout -key child_source_size_x -value 1666
gui_set_state_value -category Layout -key child_source_size_y -value 673
gui_set_state_value -category Layout -key child_wave_colname -value 263
gui_set_state_value -category Layout -key child_wave_colvalue -value 263
gui_set_state_value -category Layout -key child_wave_left -value 531
gui_set_state_value -category Layout -key child_wave_right -value 1296
gui_set_state_value -category Layout -key main_pos_x -value 0
gui_set_state_value -category Layout -key main_pos_y -value 51
gui_set_state_value -category Layout -key main_size_x -value 1919
gui_set_state_value -category Layout -key main_size_y -value 1079
gui_set_state_value -category Layout -key stand_wave_child_docknewline -value false
gui_set_state_value -category Layout -key stand_wave_child_pos_x -value {-2}
gui_set_state_value -category Layout -key stand_wave_child_pos_y -value {-15}
gui_set_state_value -category Layout -key stand_wave_child_size_x -value 1837
gui_set_state_value -category Layout -key stand_wave_child_size_y -value 860
gui_set_state_value -category Layout -key stand_wave_top_pos_x -value 82
gui_set_state_value -category Layout -key stand_wave_top_pos_y -value 102
gui_set_state_value -category Layout -key stand_wave_top_size_x -value 1914
gui_set_state_value -category Layout -key stand_wave_top_size_y -value 1074
gui_create_state_key -category FindDialog -key m_pMatchCase -value_type bool -value false
gui_create_state_key -category FindDialog -key m_pMatchWord -value_type bool -value false
gui_create_state_key -category FindDialog -key m_pUseCombo -value_type string -value {}
gui_create_state_key -category FindDialog -key m_pWrapAround -value_type bool -value true
gui_create_state_key -category Widget_History -key {dlgSimSetup|m_setupTab|tab pages|SimTab|m_VPDCombo} -value_type string -value inter.vpd
gui_create_state_key -category Widget_History -key {dlgSimSetup|m_setupTab|tab pages|SimTab|m_argsCombo} -value_type string -value {{-ucligui }}
gui_create_state_key -category Widget_History -key {dlgSimSetup|m_setupTab|tab pages|SimTab|m_curDirCombo} -value_type string -value {/home/dvft1103/dvft11/verilog_prog/sequential/Counters/modcounters/asynchro/odd/variable_duty_cycle /home/dvft1103/dvft11/verilog_prog/sequential/Counters/modcounters/asynchro/odd /home/dvft1103/dvft11/verilog_prog/sequential/Counters/asynchronous/upcounter /home/dvft1103/dvft11/verilog_prog/sequential/flipflop/sr_ff}
gui_create_state_key -category Widget_History -key {dlgSimSetup|m_setupTab|tab pages|SimTab|m_exeCombo} -value_type string -value {./simv /home/dvft1103/dvft11/verilog_prog/sequential/Counters/modcounters/asynchro/odd/simv /home/dvft1103/dvft11/verilog_prog/sequential/Counters/asynchronous/upcounter/simv}
gui_state_default_create -off

# Begin command logging
gui_sim_run Ucli -exe ./simv -args {-ucligui  } -dir .
gui_list_expand -id Hier.1   top_tb
gui_list_action -id  Hier.1 top_tb
gui_list_select -id Hier.1 -current_item_name top_tb.top_inst -current_item_type Scope  -selected  { top_tb.top_inst   }
gui_list_expand -id Hier.1   top_tb.top_inst
gui_list_action -id  Hier.1 top_tb.top_inst
gui_list_select -id Hier.1 -current_item_name top_tb.top_inst.dut -current_item_type Scope  -selected  { top_tb.top_inst.dut   }
gui_list_expand -id Hier.1   top_tb.top_inst.dut
gui_list_action -id  Hier.1 top_tb.top_inst.dut
gui_list_select -id Data.1 -selected  { top_tb.top_inst.dut.q1   }
gui_open_window Wave
gui_list_add -id Wave.1 -from Data.1 { top_tb.top_inst.dut.q1 } -insertionbar
gui_list_select -id Data.1 -selected  { top_tb.top_inst.dut.q0   }
gui_list_action -id  Data.1 top_tb.top_inst.dut.q0
gui_list_add -id Wave.1 -from Source.1 { top_tb.top_inst.dut.q0 } -insertionbar
gui_list_select -id Data.1 -selected  { top_tb.top_inst.dut.q2   }
gui_list_add -id Wave.1 -from Data.1 { top_tb.top_inst.dut.q2 } -insertionbar
gui_list_select -id Hier.1 -current_item_name top_tb -current_item_type Scope  -selected  { top_tb   }
gui_list_action -id  Hier.1 top_tb
gui_list_select -id Data.1 -selected  { top_tb.reset   }
gui_list_select_all -id Data.1
gui_list_add -id Wave.1 -from Data.1 { top_tb.out top_tb.clk top_tb.reset } -insertionbar
gui_list_select -id Wave.1 -selected  { top_tb.top_inst.dut.q0   }
gui_list_move  -id  Wave.1    -sid  Wave.1   -after Group1 {{top_tb.top_inst.dut.q0}}
gui_sim_continue  
gui_list_select -id Wave.1 -selected  { top_tb.top_inst.dut.q2   }
gui_marker_move -id  Wave.1 C1 123
gui_zoom -window Wave.1 -full
gui_marker_move -id  Wave.1 C1 15
