Command: vcs -full64 -sverilog -R -debug_access+all random_ex7.sv -l debug_ex7.log \

                         Chronologic VCS (TM)
         Version W-2024.09_Full64 -- Tue Mar 10 13:23:05 2026

                    Copyright (c) 1991 - 2024 Synopsys, Inc.
   This software and the associated documentation are proprietary to Synopsys,
 Inc. This software may only be used in accordance with the terms and conditions
 of a written license agreement with Synopsys, Inc. All other use, reproduction,
   or distribution of this software is strictly prohibited.  Licensed Products
     communicate with Synopsys servers for the purpose of providing software
    updates, detecting software piracy and verifying that customers are using
    Licensed Products in conformity with the applicable License Key for such
  Licensed Products. Synopsys will use information gathered in connection with
    this process to deliver software updates and pursue software pirates and
                                   infringers.

 Inclusivity & Diversity - Visit SolvNetPlus to read the "Synopsys Statement on
            Inclusivity and Diversity" (Refer to article 000036315 at
                        https://solvnetplus.synopsys.com)

Parsing design file 'random_ex7.sv'
Top Level Modules:
       tb
No TimeScale specified
Starting vcs inline pass...
1 module and 0 UDP read.
recompiling module tb
rm -f _cuarc*.so _csrc*.so pre_vcsobj_*.so share_vcsobj_*.so
if [ -x ../simv ]; then chmod a-x ../simv; fi
g++  -o ../simv      -rdynamic  -Wl,-rpath='$ORIGIN'/simv.daidir -Wl,-rpath=./simv.daidir \
-Wl,-rpath=/app/synopsys/installers/vcs/W-2024.09/linux64/lib -L/app/synopsys/installers/vcs/W-2024.09/linux64/lib \
-Wl,-rpath-link=./  /usr/lib64/libnuma.so.1   objs/amcQw_d.o   _3975964_archive_1.so \
_prev_archive_1.so   SIM_l.o      rmapats_mop.o rmapats.o rmar.o rmar_nd.o  rmar_llvm_0_1.o \
rmar_llvm_0_0.o            -lvirsim -lerrorinf -lsnpsmalloc -lvfs    -lvcsnew -lsimprofile \
-luclinative /app/synopsys/installers/vcs/W-2024.09/linux64/lib/vcs_tls.o   -Wl,-whole-archive \
-lvcsucli    -Wl,-no-whole-archive        _vcs_pli_stub_.o   /app/synopsys/installers/vcs/W-2024.09/linux64/lib/vcs_save_restore_new.o \
/app/synopsys/installers/verdi/X-2025.06/share/PLI/VCS/LINUX64/pli.a -ldl  -lc -lm \
-lpthread -ldl 
../simv up to date
Command: /home/dvft1103/dvft11/system_verilog/randomization/./simv -a debug_ex7.log
Chronologic VCS simulator copyright 1991-2024
Contains Synopsys proprietary information.
Compiler version W-2024.09_Full64; Runtime version W-2024.09_Full64;  Mar 10 13:23 2026
x=1
a=          2
x=14
a=         28
x=11
a=         22
x=8
a=         16
x=12
a=         24
x=17
a=         34
x=4
a=          8
x=3
a=          6
x=8
a=         16
x=2
a=          4
x=11
a=         22
x=19
a=         38
x=6
a=         12
x=18
a=         36
x=11
a=         22
x=15
a=         30
x=10
a=         20
x=13
a=         26
x=7
a=         14
x=13
a=         26
x=4
a=          8
x=20
a=         40
x=1
a=          2
x=20
a=         40
x=17
a=         34
           V C S   S i m u l a t i o n   R e p o r t 
Time: 0
CPU Time:      0.230 seconds;       Data structure size:   0.0Mb
Tue Mar 10 13:23:07 2026
CPU time: .359 seconds to compile + .226 seconds to elab + .520 seconds to link + .276 seconds in simulation
