Command: vcs -full64 -sverilog -R -debug_access+all random_ex2.sv -l debug_ex2.log \

                         Chronologic VCS (TM)
         Version W-2024.09_Full64 -- Thu Mar  5 12:45:02 2026

                    Copyright (c) 1991 - 2024 Synopsys, Inc.
   This software and the associated documentation are proprietary to Synopsys,
 Inc. This software may only be used in accordance with the terms and conditions
 of a written license agreement with Synopsys, Inc. All other use, reproduction,
   or distribution of this software is strictly prohibited.  Licensed Products
     communicate with Synopsys servers for the purpose of providing software
    updates, detecting software piracy and verifying that customers are using
    Licensed Products in conformity with the applicable License Key for such
  Licensed Products. Synopsys will use information gathered in connection with
    this process to deliver software updates and pursue software pirates and
                                   infringers.

 Inclusivity & Diversity - Visit SolvNetPlus to read the "Synopsys Statement on
            Inclusivity and Diversity" (Refer to article 000036315 at
                        https://solvnetplus.synopsys.com)

Parsing design file 'random_ex2.sv'
Top Level Modules:
       tb
No TimeScale specified
Starting vcs inline pass...
1 module and 0 UDP read.
	However, due to incremental compilation, no re-compilation is necessary.
rm -f _cuarc*.so _csrc*.so pre_vcsobj_*.so share_vcsobj_*.so
if [ -x ../simv ]; then chmod a-x ../simv; fi
g++  -o ../simv      -rdynamic  -Wl,-rpath='$ORIGIN'/simv.daidir -Wl,-rpath=./simv.daidir \
-Wl,-rpath=/app/synopsys/installers/vcs/W-2024.09/linux64/lib -L/app/synopsys/installers/vcs/W-2024.09/linux64/lib \
-Wl,-rpath-link=./  /usr/lib64/libnuma.so.1   objs/amcQw_d.o   _237527_archive_1.so \
_prev_archive_1.so   SIM_l.o      rmapats_mop.o rmapats.o rmar.o rmar_nd.o  rmar_llvm_0_1.o \
rmar_llvm_0_0.o            -lvirsim -lerrorinf -lsnpsmalloc -lvfs    -lvcsnew -lsimprofile \
-luclinative /app/synopsys/installers/vcs/W-2024.09/linux64/lib/vcs_tls.o   -Wl,-whole-archive \
-lvcsucli    -Wl,-no-whole-archive        _vcs_pli_stub_.o   /app/synopsys/installers/vcs/W-2024.09/linux64/lib/vcs_save_restore_new.o \
/app/synopsys/installers/verdi/X-2025.06/share/PLI/VCS/LINUX64/pli.a -ldl  -lc -lm \
-lpthread -ldl 
../simv up to date
Command: /home/dvft1103/dvft11/system_verilog/randomization/./simv -a debug_ex2.log
Chronologic VCS simulator copyright 1991-2024
Contains Synopsys proprietary information.
Compiler version W-2024.09_Full64; Runtime version W-2024.09_Full64;  Mar  5 12:45 2026
Before Randomizing a=0 b=0 c=0
Before Randomizing upadeted new value  a=0 b=0 c=0
after Randomizing a=185 b=12 c=7
after Randomizing updated new value a=185 b=12 c=7
a=185  b=12  c=7
Before Randomizing a=185 b=12 c=7
Before Randomizing upadeted new value  a=185 b=12 c=7
after Randomizing a=91 b=0 c=10
after Randomizing updated new value a=91 b=0 c=10
a=91  b=0  c=10
Before Randomizing a=91 b=0 c=10
Before Randomizing upadeted new value  a=91 b=0 c=10
after Randomizing a=58 b=6 c=3
after Randomizing updated new value a=58 b=6 c=3
a=58  b=6  c=3
Before Randomizing a=58 b=6 c=3
Before Randomizing upadeted new value  a=58 b=6 c=3
after Randomizing a=7 b=2 c=9
after Randomizing updated new value a=7 b=2 c=9
a=7  b=2  c=9
Before Randomizing a=7 b=2 c=9
Before Randomizing upadeted new value  a=7 b=2 c=9
after Randomizing a=224 b=12 c=4
after Randomizing updated new value a=224 b=12 c=4
a=224  b=12  c=4
Before Randomizing a=224 b=12 c=4
Before Randomizing upadeted new value  a=224 b=12 c=4
after Randomizing a=211 b=6 c=0
after Randomizing updated new value a=211 b=6 c=0
a=211  b=6  c=0
Before Randomizing a=211 b=6 c=0
Before Randomizing upadeted new value  a=211 b=6 c=0
after Randomizing a=42 b=12 c=13
after Randomizing updated new value a=42 b=12 c=13
a=42  b=12  c=13
Before Randomizing a=42 b=12 c=13
Before Randomizing upadeted new value  a=42 b=12 c=13
after Randomizing a=243 b=14 c=1
after Randomizing updated new value a=243 b=14 c=1
a=243  b=14  c=1
Before Randomizing a=243 b=14 c=1
Before Randomizing upadeted new value  a=243 b=14 c=1
after Randomizing a=160 b=3 c=2
after Randomizing updated new value a=160 b=3 c=2
a=160  b=3  c=2
Before Randomizing a=160 b=3 c=2
Before Randomizing upadeted new value  a=160 b=3 c=2
after Randomizing a=185 b=7 c=8
after Randomizing updated new value a=185 b=7 c=8
a=185  b=7  c=8
           V C S   S i m u l a t i o n   R e p o r t 
Time: 0
CPU Time:      0.210 seconds;       Data structure size:   0.0Mb
Thu Mar  5 12:45:04 2026
CPU time: .356 seconds to compile + .202 seconds to elab + .504 seconds to link + .257 seconds in simulation
