
Error-[VERDI_VCS_MM] Possible VERDI_HOME and VCS_HOME mismatch
  The Verdi tab and pli.a cannot be added to the 'vcs' compile command because
  the file '/pli.a' could not be found.
  Please check to make sure VERDI_HOME and VCS_HOME point to installations 
  that are either both 32-bits or both 64-bits.

Command: vcs -full64 -V -R -debug_access+all shiftreg_tb.v -l debug.log
/app/synopsys/installers/vcs/W-2024.09/linux64/bin/vcs1 -Mcc=gcc -Mcplusplus=g++ \
-Masflags= -Mcfl= -pipe -fPIC -O -I/app/synopsys/installers/vcs/W-2024.09/include \
-Mxllcflags= -Mxcflags= -pipe -fPIC -I/app/synopsys/installers/vcs/W-2024.09/include \
-Mldflags= -rdynamic  -Mout=simv -Mamsrun="" -Mvcsaceobjs="" -Mobjects=" /app/synopsys/installers/vcs/W-2024.09/linux64/lib/libvirsim.so \
/app/synopsys/installers/vcs/W-2024.09/linux64/lib/liberrorinf.so /app/synopsys/installers/vcs/W-2024.09/linux64/lib/libsnpsmalloc.so \
/app/synopsys/installers/vcs/W-2024.09/linux64/lib/libvfs.so " -Mexternalobj= -Msaverestoreobj=/app/synopsys/installers/vcs/W-2024.09/linux64/lib/vcs_save_restore_new.o \
-Mcrt0= -Mcrtn="" -Mcsrc="" -Msyslibs=-ldl  -l debug.log -Xvcs_run_simv=1 -full64 \
-V -debug_access+all +vpi +vcsd1 +itf+/app/synopsys/installers/vcs/W-2024.09/linux64/lib/vcsdp_lite.tab \
-picarchive -gen_obj shiftreg_tb.v  
                         Chronologic VCS (TM)
         Version W-2024.09_Full64 -- Fri Feb 20 16:32:32 2026

                    Copyright (c) 1991 - 2024 Synopsys, Inc.
   This software and the associated documentation are proprietary to Synopsys,
 Inc. This software may only be used in accordance with the terms and conditions
 of a written license agreement with Synopsys, Inc. All other use, reproduction,
   or distribution of this software is strictly prohibited.  Licensed Products
     communicate with Synopsys servers for the purpose of providing software
    updates, detecting software piracy and verifying that customers are using
    Licensed Products in conformity with the applicable License Key for such
  Licensed Products. Synopsys will use information gathered in connection with
    this process to deliver software updates and pursue software pirates and
                                   infringers.

 Inclusivity & Diversity - Visit SolvNetPlus to read the "Synopsys Statement on
            Inclusivity and Diversity" (Refer to article 000036315 at
                        https://solvnetplus.synopsys.com)

Parsing design file 'shiftreg_tb.v'
Parsing included file 'shiftreg.v'.
Back to file 'shiftreg_tb.v'.
Top Level Modules:
       shiftreg_tb
No TimeScale specified
Starting vcs inline pass...
1 module and 0 UDP read.
recompiling module shiftreg_tb
( cd csrc ; make -f Makefile SNPS_VCS_TMPDIR=/tmp/vcs_20260220110231_1427986 product \
)
rm -f _cuarc*.so _csrc*.so pre_vcsobj_*.so share_vcsobj_*.so
if [ -x ../simv ]; then chmod a-x ../simv; fi
g++  -o ../simv      -rdynamic  -Wl,-rpath='$ORIGIN'/simv.daidir -Wl,-rpath=./simv.daidir \
-Wl,-rpath=/app/synopsys/installers/vcs/W-2024.09/linux64/lib -L/app/synopsys/installers/vcs/W-2024.09/linux64/lib \
-Wl,-rpath-link=./  /usr/lib64/libnuma.so.1   objs/amcQw_d.o   _1428232_archive_1.so \
SIM_l.o      rmapats_mop.o rmapats.o rmar.o rmar_nd.o  rmar_llvm_0_1.o rmar_llvm_0_0.o \
-lvirsim -lerrorinf -lsnpsmalloc -lvfs    -lvcsnew -lsimprofile -luclinative /app/synopsys/installers/vcs/W-2024.09/linux64/lib/vcs_tls.o \
-Wl,-whole-archive  -lvcsucli    -Wl,-no-whole-archive          /app/synopsys/installers/vcs/W-2024.09/linux64/lib/vcs_save_restore_new.o \
-ldl  -lc -lm -lpthread -ldl 
../simv up to date
Running simv -V -a debug.log 
Command: /home/dvft1103/dvft11/verilog_prog/sequential/shiftregister/siso/./simv -V -a debug.log
Chronologic VCS simulator copyright 1991-2024
Contains Synopsys proprietary information.
Compiler version W-2024.09_Full64; Runtime version W-2024.09_Full64;  Feb 20 16:32 2026
VCS Build Date = Sep 02 2024 20:31:24
Start run at Feb 20 16:32 2026

                   0in=0 clk=0 reset=0 out=000x
                   3in=0 clk=0 reset=1 out=0000
                   5in=0 clk=1 reset=1 out=0000
                   6in=0 clk=1 reset=0 out=0000
                  10in=1 clk=0 reset=0 out=0000
                  15in=1 clk=1 reset=0 out=0000
                  20in=0 clk=0 reset=0 out=0000
                  25in=0 clk=1 reset=0 out=0000
                  30in=1 clk=0 reset=0 out=0000
                  35in=1 clk=1 reset=0 out=0000
                  40in=1 clk=0 reset=0 out=0000
                  45in=1 clk=1 reset=0 out=0001
                  50in=1 clk=0 reset=0 out=0001
                  55in=1 clk=1 reset=0 out=0000
                  60in=1 clk=0 reset=0 out=0000
                  65in=1 clk=1 reset=0 out=0001
                  70in=1 clk=0 reset=0 out=0001
                  75in=1 clk=1 reset=0 out=0001
                  80in=1 clk=0 reset=0 out=0001
                  85in=1 clk=1 reset=0 out=0001
                  90in=1 clk=0 reset=0 out=0001
                  95in=1 clk=1 reset=0 out=0001
                 100in=1 clk=0 reset=0 out=0001
                 105in=1 clk=1 reset=0 out=0001
                 110in=1 clk=0 reset=0 out=0001
                 115in=1 clk=1 reset=0 out=0001
                 120in=1 clk=0 reset=0 out=0001
                 125in=1 clk=1 reset=0 out=0001
                 130in=1 clk=0 reset=0 out=0001
                 135in=1 clk=1 reset=0 out=0001
$finish called from file "shiftreg_tb.v", line 20.
$finish at simulation time                  140
           V C S   S i m u l a t i o n   R e p o r t 
Time: 140
CPU Time:      0.210 seconds;       Data structure size:   0.0Mb
Fri Feb 20 16:32:34 2026
CPU time: .404 seconds to compile + .371 seconds to elab + .355 seconds to link + .260 seconds in simulation
