Command: vcs -full64 -sverilog -R -debug_access+all state.sv -l debug.log
                         Chronologic VCS (TM)
         Version W-2024.09_Full64 -- Wed Mar 11 15:43:45 2026

                    Copyright (c) 1991 - 2024 Synopsys, Inc.
   This software and the associated documentation are proprietary to Synopsys,
 Inc. This software may only be used in accordance with the terms and conditions
 of a written license agreement with Synopsys, Inc. All other use, reproduction,
   or distribution of this software is strictly prohibited.  Licensed Products
     communicate with Synopsys servers for the purpose of providing software
    updates, detecting software piracy and verifying that customers are using
    Licensed Products in conformity with the applicable License Key for such
  Licensed Products. Synopsys will use information gathered in connection with
    this process to deliver software updates and pursue software pirates and
                                   infringers.

 Inclusivity & Diversity - Visit SolvNetPlus to read the "Synopsys Statement on
            Inclusivity and Diversity" (Refer to article 000036315 at
                        https://solvnetplus.synopsys.com)

Parsing design file 'state.sv'
Top Level Modules:
       state
No TimeScale specified
Starting vcs inline pass...
1 module and 0 UDP read.
	However, due to incremental compilation, no re-compilation is necessary.
rm -f _cuarc*.so _csrc*.so pre_vcsobj_*.so share_vcsobj_*.so
if [ -x ../simv ]; then chmod a-x ../simv; fi
g++  -o ../simv      -rdynamic  -Wl,-rpath='$ORIGIN'/simv.daidir -Wl,-rpath=./simv.daidir \
-Wl,-rpath=/app/synopsys/installers/vcs/W-2024.09/linux64/lib -L/app/synopsys/installers/vcs/W-2024.09/linux64/lib \
-Wl,-rpath-link=./  /usr/lib64/libnuma.so.1   objs/amcQw_d.o   _1180775_archive_1.so \
_prev_archive_1.so   SIM_l.o      rmapats_mop.o rmapats.o rmar.o rmar_nd.o  rmar_llvm_0_1.o \
rmar_llvm_0_0.o            -lvirsim -lerrorinf -lsnpsmalloc -lvfs    -lvcsnew -lsimprofile \
-luclinative /app/synopsys/installers/vcs/W-2024.09/linux64/lib/vcs_tls.o   -Wl,-whole-archive \
-lvcsucli    -Wl,-no-whole-archive        _vcs_pli_stub_.o   /app/synopsys/installers/vcs/W-2024.09/linux64/lib/vcs_save_restore_new.o \
/app/synopsys/installers/verdi/X-2025.06/share/PLI/VCS/LINUX64/pli.a -ldl  -lc -lm \
-lpthread -ldl 
../simv up to date
Command: /home/dvft1103/dvft11/system_verilog/state_2_4/./simv -a debug.log
Chronologic VCS simulator copyright 1991-2024
Contains Synopsys proprietary information.
Compiler version W-2024.09_Full64; Runtime version W-2024.09_Full64;  Mar 11 15:43 2026
reg a=0000000000000000000000000000000000000000000000000000000000000000 and B=0000000000000000000000000000000000000000000000000000000000000000
reg a=0000000000000000000000000000000000000000000000000000000000000001 and B=0000000000000000000000000000000000000000000000000000000000000000
reg a=0000000000000000000000000000000000000000000000000000000000000000 and B=0000000000000000000000000000000000000000000000000000000000000001
reg a=0000000000000000000000000000000000000000000000000000000000000000 and B=0000000000000000000000000000000000000000000000000000000000000000
           V C S   S i m u l a t i o n   R e p o r t 
Time: 0
CPU Time:      0.190 seconds;       Data structure size:   0.0Mb
Wed Mar 11 15:43:47 2026
CPU time: .248 seconds to compile + .207 seconds to elab + .379 seconds to link + .222 seconds in simulation
