
Error-[VERDI_VCS_MM] Possible VERDI_HOME and VCS_HOME mismatch
  The Verdi tab and pli.a cannot be added to the 'vcs' compile command because
  the file '/pli.a' could not be found.
  Please check to make sure VERDI_HOME and VCS_HOME point to installations 
  that are either both 32-bits or both 64-bits.

Command: vcs -full64 -sverilog -R -debug_access+all tb_top.sv -l debug_inter.log \

                         Chronologic VCS (TM)
         Version W-2024.09_Full64 -- Mon Mar  2 12:24:33 2026

                    Copyright (c) 1991 - 2024 Synopsys, Inc.
   This software and the associated documentation are proprietary to Synopsys,
 Inc. This software may only be used in accordance with the terms and conditions
 of a written license agreement with Synopsys, Inc. All other use, reproduction,
   or distribution of this software is strictly prohibited.  Licensed Products
     communicate with Synopsys servers for the purpose of providing software
    updates, detecting software piracy and verifying that customers are using
    Licensed Products in conformity with the applicable License Key for such
  Licensed Products. Synopsys will use information gathered in connection with
    this process to deliver software updates and pursue software pirates and
                                   infringers.

 Inclusivity & Diversity - Visit SolvNetPlus to read the "Synopsys Statement on
            Inclusivity and Diversity" (Refer to article 000036315 at
                        https://solvnetplus.synopsys.com)

Parsing design file 'tb_top.sv'
Parsing included file 'full_add.v'.
Parsing included file 'interface.sv'.
Back to file 'full_add.v'.
Back to file 'tb_top.sv'.
Parsing included file 'interface.sv'.

Error-[IFPD] Interface previously declared
interface.sv, 1
  Following interface named 'full_add_inter' has previously been declared.
  "interface.sv", 1: token is 'full_add_inter'
  interface full_add_inter();
                          ^

Back to file 'tb_top.sv'.
1 error
CPU time: .193 seconds to compile
